Archive member included because of file (symbol)

c:/freescale/kds_v3/toolchain/bin/../lib/gcc/arm-none-eabi/4.8.4/../../../../arm-none-eabi/lib/armv6-m\libm.a(lib_a-w_pow.o)
                              ./Sources/log.o (pow)
c:/freescale/kds_v3/toolchain/bin/../lib/gcc/arm-none-eabi/4.8.4/../../../../arm-none-eabi/lib/armv6-m\libm.a(lib_a-e_pow.o)
                              c:/freescale/kds_v3/toolchain/bin/../lib/gcc/arm-none-eabi/4.8.4/../../../../arm-none-eabi/lib/armv6-m\libm.a(lib_a-w_pow.o) (__ieee754_pow)
c:/freescale/kds_v3/toolchain/bin/../lib/gcc/arm-none-eabi/4.8.4/../../../../arm-none-eabi/lib/armv6-m\libm.a(lib_a-e_sqrt.o)
                              c:/freescale/kds_v3/toolchain/bin/../lib/gcc/arm-none-eabi/4.8.4/../../../../arm-none-eabi/lib/armv6-m\libm.a(lib_a-e_pow.o) (__ieee754_sqrt)
c:/freescale/kds_v3/toolchain/bin/../lib/gcc/arm-none-eabi/4.8.4/../../../../arm-none-eabi/lib/armv6-m\libm.a(lib_a-s_fabs.o)
                              c:/freescale/kds_v3/toolchain/bin/../lib/gcc/arm-none-eabi/4.8.4/../../../../arm-none-eabi/lib/armv6-m\libm.a(lib_a-e_pow.o) (fabs)
c:/freescale/kds_v3/toolchain/bin/../lib/gcc/arm-none-eabi/4.8.4/../../../../arm-none-eabi/lib/armv6-m\libm.a(lib_a-s_finite.o)
                              c:/freescale/kds_v3/toolchain/bin/../lib/gcc/arm-none-eabi/4.8.4/../../../../arm-none-eabi/lib/armv6-m\libm.a(lib_a-w_pow.o) (finite)
c:/freescale/kds_v3/toolchain/bin/../lib/gcc/arm-none-eabi/4.8.4/../../../../arm-none-eabi/lib/armv6-m\libm.a(lib_a-s_fpclassify.o)
                              c:/freescale/kds_v3/toolchain/bin/../lib/gcc/arm-none-eabi/4.8.4/../../../../arm-none-eabi/lib/armv6-m\libm.a(lib_a-w_pow.o) (__fpclassifyd)
c:/freescale/kds_v3/toolchain/bin/../lib/gcc/arm-none-eabi/4.8.4/../../../../arm-none-eabi/lib/armv6-m\libm.a(lib_a-s_lib_ver.o)
                              c:/freescale/kds_v3/toolchain/bin/../lib/gcc/arm-none-eabi/4.8.4/../../../../arm-none-eabi/lib/armv6-m\libm.a(lib_a-w_pow.o) (__fdlib_version)
c:/freescale/kds_v3/toolchain/bin/../lib/gcc/arm-none-eabi/4.8.4/../../../../arm-none-eabi/lib/armv6-m\libm.a(lib_a-s_matherr.o)
                              c:/freescale/kds_v3/toolchain/bin/../lib/gcc/arm-none-eabi/4.8.4/../../../../arm-none-eabi/lib/armv6-m\libm.a(lib_a-w_pow.o) (matherr)
c:/freescale/kds_v3/toolchain/bin/../lib/gcc/arm-none-eabi/4.8.4/../../../../arm-none-eabi/lib/armv6-m\libm.a(lib_a-s_nan.o)
                              c:/freescale/kds_v3/toolchain/bin/../lib/gcc/arm-none-eabi/4.8.4/../../../../arm-none-eabi/lib/armv6-m\libm.a(lib_a-e_pow.o) (nan)
c:/freescale/kds_v3/toolchain/bin/../lib/gcc/arm-none-eabi/4.8.4/../../../../arm-none-eabi/lib/armv6-m\libm.a(lib_a-s_rint.o)
                              c:/freescale/kds_v3/toolchain/bin/../lib/gcc/arm-none-eabi/4.8.4/../../../../arm-none-eabi/lib/armv6-m\libm.a(lib_a-w_pow.o) (rint)
c:/freescale/kds_v3/toolchain/bin/../lib/gcc/arm-none-eabi/4.8.4/../../../../arm-none-eabi/lib/armv6-m\libm.a(lib_a-s_scalbn.o)
                              c:/freescale/kds_v3/toolchain/bin/../lib/gcc/arm-none-eabi/4.8.4/../../../../arm-none-eabi/lib/armv6-m\libm.a(lib_a-e_pow.o) (scalbn)
c:/freescale/kds_v3/toolchain/bin/../lib/gcc/arm-none-eabi/4.8.4/../../../../arm-none-eabi/lib/armv6-m\libm.a(lib_a-s_copysign.o)
                              c:/freescale/kds_v3/toolchain/bin/../lib/gcc/arm-none-eabi/4.8.4/../../../../arm-none-eabi/lib/armv6-m\libm.a(lib_a-s_scalbn.o) (copysign)
c:/freescale/kds_v3/toolchain/bin/../lib/gcc/arm-none-eabi/4.8.4/armv6-m\libgcc.a(_udivsi3.o)
                              ./Sources/log.o (__aeabi_uidiv)
c:/freescale/kds_v3/toolchain/bin/../lib/gcc/arm-none-eabi/4.8.4/armv6-m\libgcc.a(_divsi3.o)
                              ./Sources/log.o (__aeabi_idiv)
c:/freescale/kds_v3/toolchain/bin/../lib/gcc/arm-none-eabi/4.8.4/armv6-m\libgcc.a(_dvmd_tls.o)
                              c:/freescale/kds_v3/toolchain/bin/../lib/gcc/arm-none-eabi/4.8.4/armv6-m\libgcc.a(_udivsi3.o) (__aeabi_idiv0)
c:/freescale/kds_v3/toolchain/bin/../lib/gcc/arm-none-eabi/4.8.4/armv6-m\libgcc.a(_arm_cmpdf2.o)
                              c:/freescale/kds_v3/toolchain/bin/../lib/gcc/arm-none-eabi/4.8.4/../../../../arm-none-eabi/lib/armv6-m\libm.a(lib_a-w_pow.o) (__aeabi_dcmpeq)
c:/freescale/kds_v3/toolchain/bin/../lib/gcc/arm-none-eabi/4.8.4/armv6-m\libgcc.a(subsf3.o)
                              ./Sources/log.o (__aeabi_fsub)
c:/freescale/kds_v3/toolchain/bin/../lib/gcc/arm-none-eabi/4.8.4/armv6-m\libgcc.a(fixsfsi.o)
                              ./Sources/log.o (__aeabi_f2iz)
c:/freescale/kds_v3/toolchain/bin/../lib/gcc/arm-none-eabi/4.8.4/armv6-m\libgcc.a(floatsisf.o)
                              ./Sources/log.o (__aeabi_i2f)
c:/freescale/kds_v3/toolchain/bin/../lib/gcc/arm-none-eabi/4.8.4/armv6-m\libgcc.a(adddf3.o)
[...]
Memory Configuration

Name             Origin             Length             Attributes
m_interrupts     0x00000000         0x000000c0         xr
m_text           0x00000410         0x0001fbf0         xr
m_data           0x1ffff000         0x00004000         rw
m_cfmprotrom     0x00000400         0x00000010         xr
*default*        0x00000000         0xffffffff

Linker script and memory map

LOAD c:/freescale/kds_v3/toolchain/bin/../lib/gcc/arm-none-eabi/4.8.4/armv6-m/crti.o
LOAD c:/freescale/kds_v3/toolchain/bin/../lib/gcc/arm-none-eabi/4.8.4/armv6-m/crtbegin.o
LOAD c:/freescale/kds_v3/toolchain/bin/../lib/gcc/arm-none-eabi/4.8.4/../../../../arm-none-eabi/lib/armv6-m/crt0.o
LOAD ./Sources/CB_test.o
LOAD ./Sources/DMA_memory.o
LOAD ./Sources/Events.o
LOAD ./Sources/LED.o
LOAD ./Sources/SPI.o
LOAD ./Sources/circBuf.o
LOAD ./Sources/log.o
LOAD ./Sources/main.o
LOAD ./Sources/memory.o
LOAD ./Sources/nRF24L01.o
LOAD ./Sources/timer.o
LOAD ./Sources/uart.o
LOAD ./Project_Settings/Startup_Code/startup.o
LOAD ./Generated_Code/AS1.o
LOAD ./Generated_Code/Cpu.o
LOAD ./Generated_Code/PE_LDD.o
LOAD ./Generated_Code/RxBuf.o
LOAD ./Generated_Code/Vectors.o
LOAD c:/freescale/kds_v3/toolchain/bin/../lib/gcc/arm-none-eabi/4.8.4/../../../../arm-none-eabi/lib/armv6-m\libstdc++_s.a
LOAD c:/freescale/kds_v3/toolchain/bin/../lib/gcc/arm-none-eabi/4.8.4/../../../../arm-none-eabi/lib/armv6-m\libm.a
START GROUP
LOAD c:/freescale/kds_v3/toolchain/bin/../lib/gcc/arm-none-eabi/4.8.4/armv6-m\libgcc.a
LOAD c:/freescale/kds_v3/toolchain/bin/../lib/gcc/arm-none-eabi/4.8.4/../../../../arm-none-eabi/lib/armv6-m\libg_s.a
LOAD c:/freescale/kds_v3/toolchain/bin/../lib/gcc/arm-none-eabi/4.8.4/../../../../arm-none-eabi/lib/armv6-m\libc_s.a
END GROUP
START GROUP
LOAD c:/freescale/kds_v3/toolchain/bin/../lib/gcc/arm-none-eabi/4.8.4/armv6-m\libgcc.a
LOAD c:/freescale/kds_v3/toolchain/bin/../lib/gcc/arm-none-eabi/4.8.4/../../../../arm-none-eabi/lib/armv6-m\libc_s.a
LOAD c:/freescale/kds_v3/toolchain/bin/../lib/gcc/arm-none-eabi/4.8.4/../../../../arm-none-eabi/lib/armv6-m\libnosys.a
END GROUP
START GROUP
LOAD c:/freescale/kds_v3/toolchain/bin/../lib/gcc/arm-none-eabi/4.8.4/armv6-m\libgcc.a
LOAD c:/freescale/kds_v3/toolchain/bin/../lib/gcc/arm-none-eabi/4.8.4/../../../../arm-none-eabi/lib/armv6-m\libc_s.a
LOAD c:/freescale/kds_v3/toolchain/bin/../lib/gcc/arm-none-eabi/4.8.4/../../../../arm-none-eabi/lib/armv6-m\libnosys.a
END GROUP
LOAD c:/freescale/kds_v3/toolchain/bin/../lib/gcc/arm-none-eabi/4.8.4/armv6-m/crtend.o
LOAD c:/freescale/kds_v3/toolchain/bin/../lib/gcc/arm-none-eabi/4.8.4/armv6-m/crtn.o
                0x20003000                _estack = 0x20003000
                0x20003000                __SP_INIT = _estack
                0x20003000                __stack = _estack
                0x00000000                __heap_size = 0x0
                0x00000400                __stack_size = 0x400

.interrupts     0x00000000       0xc0
                0x00000000                __vector_table = .
                0x00000000                . = ALIGN (0x4)
 *(.vectortable)
 .vectortable   0x00000000       0xc0 ./Generated_Code/Vectors.o
                0x00000000                __vect_table
                0x000000c0                . = ALIGN (0x4)

.cfmprotect     0x00000400       0x10
                0x00000400                . = ALIGN (0x4)
 *(.cfmconfig)
 .cfmconfig     0x00000400       0x10 ./Generated_Code/Cpu.o
                0x00000400                _cfm
                0x00000410                . = ALIGN (0x4)

.text           0x00000410      0xa98
                0x00000410                . = ALIGN (0x4)
 *(.text)
 .text          0x00000410       0x60 c:/freescale/kds_v3/toolchain/bin/../lib/gcc/arm-none-eabi/4.8.4/armv6-m/crtbegin.o
 .text          0x00000470       0x78 c:/freescale/kds_v3/toolchain/bin/../lib/gcc/arm-none-eabi/4.8.4/../../../../arm-none-eabi/lib/armv6-m/crt0.o
                0x00000470                _start
                0x00000470                _mainCRTStartup
 *(.text*)
 .text.Cpu_OnNMIINT
                0x000004e8        0x8 ./Sources/Events.o
                0x000004e8                Cpu_OnNMIINT
 .text.AS1_OnBlockReceived
                0x000004f0       0x30 ./Sources/Events.o
                0x000004f0                AS1_OnBlockReceived
 .text.AS1_OnBlockSent
                0x00000520       0x18 ./Sources/Events.o
                0x00000520                AS1_OnBlockSent
 .text.LED_init
                0x00000538       0x9c ./Sources/LED.o
                0x00000538                LED_init
 .text.main     0x000005d4       0xec ./Sources/main.o
                0x000005d4                main
 .text.TPM2_handler
                0x000006c0       0x4c ./Sources/main.o
                0x000006c0                TPM2_handler
 .text.init_timer
                0x0000070c       0x5c ./Sources/timer.o
                0x0000070c                init_timer
 .text.__copy_rom_section
                0x00000768       0xd8 ./Project_Settings/Startup_Code/startup.o
                0x00000768                __copy_rom_section
 .text.__copy_rom_sections_to_ram
                0x00000840       0x98 ./Project_Settings/Startup_Code/startup.o
                0x00000840                __copy_rom_sections_to_ram
 .text.__init_registers
                0x000008d8        0x8 ./Project_Settings/Startup_Code/startup.o
                0x000008d8                __init_registers
 .text.__init_user
                0x000008e0        0x8 ./Project_Settings/Startup_Code/startup.o
                0x000008e0                __init_user
 .text.__thumb_startup
                0x000008e8       0x30 ./Project_Settings/Startup_Code/startup.o
                0x000008e8                __thumb_startup
 .text.AS1_ReceiveBlock
                0x00000918       0x98 ./Generated_Code/AS1.o
                0x00000918                AS1_ReceiveBlock
 .text.InterruptRx
                0x000009b0       0x58 ./Generated_Code/AS1.o
 .text.InterruptTx
                0x00000a08       0x80 ./Generated_Code/AS1.o
 .text.AS1_Interrupt
                0x00000a88       0x64 ./Generated_Code/AS1.o
                0x00000a88                AS1_Interrupt
 .text.Cpu_INT_NMIInterrupt
                0x00000aec        0xc ./Generated_Code/Cpu.o
                0x00000aec                Cpu_INT_NMIInterrupt
 .text.Cpu_Interrupt
                0x00000af8        0xc ./Generated_Code/Cpu.o
                0x00000af8                Cpu_Interrupt
 .text.__init_hardware
                0x00000b04      0x110 ./Generated_Code/Cpu.o
                0x00000b04                __init_hardware
 .text.exit     0x00000c14       0x2c c:/freescale/kds_v3/toolchain/bin/../lib/gcc/arm-none-eabi/4.8.4/../../../../arm-none-eabi/lib/armv6-m\libg_s.a(lib_a-exit.o)
                0x00000c14                exit
 .text.__libc_init_array
                0x00000c40       0x4c c:/freescale/kds_v3/toolchain/bin/../lib/gcc/arm-none-eabi/4.8.4/../../../../arm-none-eabi/lib/armv6-m\libg_s.a(lib_a-init.o)
                0x00000c40                __libc_init_array
 .text.malloc   0x00000c8c       0x14 c:/freescale/kds_v3/toolchain/bin/../lib/gcc/arm-none-eabi/4.8.4/../../../../arm-none-eabi/lib/armv6-m\libg_s.a(lib_a-malloc.o)
                0x00000c8c                malloc
 .text.free     0x00000ca0       0x14 c:/freescale/kds_v3/toolchain/bin/../lib/gcc/arm-none-eabi/4.8.4/../../../../arm-none-eabi/lib/armv6-m\libg_s.a(lib_a-malloc.o)
                0x00000ca0                free
 .text.memcpy   0x00000cb4       0x12 c:/freescale/kds_v3/toolchain/bin/../lib/gcc/arm-none-eabi/4.8.4/../../../../arm-none-eabi/lib/armv6-m\libg_s.a(lib_a-memcpy-stub.o)
                0x00000cb4                memcpy
 .text.memset   0x00000cc6       0x10 c:/freescale/kds_v3/toolchain/bin/../lib/gcc/arm-none-eabi/4.8.4/../../../../arm-none-eabi/lib/armv6-m\libg_s.a(lib_a-memset.o)
                0x00000cc6                memset
 *fill*         0x00000cd6        0x2 
 .text._free_r  0x00000cd8       0x90 c:/freescale/kds_v3/toolchain/bin/../lib/gcc/arm-none-eabi/4.8.4/../../../../arm-none-eabi/lib/armv6-m\libg_s.a(lib_a-nano-freer.o)
                0x00000cd8                _free_r
 .text._malloc_r
                0x00000d68       0xa8 c:/freescale/kds_v3/toolchain/bin/../lib/gcc/arm-none-eabi/4.8.4/../../../../arm-none-eabi/lib/armv6-m\libg_s.a(lib_a-nano-mallocr.o)
                0x00000d68                _malloc_r
 .text._sbrk_r  0x00000e10       0x24 c:/freescale/kds_v3/toolchain/bin/../lib/gcc/arm-none-eabi/4.8.4/../../../../arm-none-eabi/lib/armv6-m\libg_s.a(lib_a-sbrkr.o)
                0x00000e10                _sbrk_r
 .text._sbrk    0x00000e34       0x34 c:/freescale/kds_v3/toolchain/bin/../lib/gcc/arm-none-eabi/4.8.4/../../../../arm-none-eabi/lib/armv6-m\libnosys.a(sbrk.o)
                0x00000e34                _sbrk
 .text._exit    0x00000e68        0x4 c:/freescale/kds_v3/toolchain/bin/../lib/gcc/arm-none-eabi/4.8.4/../../../../arm-none-eabi/lib/armv6-m\libnosys.a(_exit.o)
                0x00000e68                _exit
 *(.rodata)
 .rodata        0x00000e6c        0xc ./Sources/main.o
 *(.rodata*)
 .rodata.c1     0x00000e78        0x4 ./Sources/main.o
                0x00000e78                c1
 .rodata.hstr   0x00000e7c        0xc ./Sources/main.o
                0x00000e7c                hstr
 .rodata.str1.1
                0x00000e88        0x2 c:/freescale/kds_v3/toolchain/bin/../lib/gcc/arm-none-eabi/4.8.4/../../../../arm-none-eabi/lib/armv6-m\libg_s.a(lib_a-impure.o)
 *fill*         0x00000e8a        0x2 
 .rodata._global_impure_ptr
                0x00000e8c        0x4 c:/freescale/kds_v3/toolchain/bin/../lib/gcc/arm-none-eabi/4.8.4/../../../../arm-none-eabi/lib/armv6-m\libg_s.a(lib_a-impure.o)
                0x00000e8c                _global_impure_ptr
 *(.glue_7)
 .glue_7        0x00000000        0x0 linker stubs
 *(.glue_7t)
 .glue_7t       0x00000000        0x0 linker stubs
 *(.eh_frame)
 .eh_frame      0x00000e90        0x0 c:/freescale/kds_v3/toolchain/bin/../lib/gcc/arm-none-eabi/4.8.4/armv6-m/crtbegin.o
 *(.init)
 .init          0x00000e90        0x4 c:/freescale/kds_v3/toolchain/bin/../lib/gcc/arm-none-eabi/4.8.4/armv6-m/crti.o
                0x00000e90                _init
 .init          0x00000e94        0x8 c:/freescale/kds_v3/toolchain/bin/../lib/gcc/arm-none-eabi/4.8.4/armv6-m/crtn.o
 *(.fini)
 .fini          0x00000e9c        0x4 c:/freescale/kds_v3/toolchain/bin/../lib/gcc/arm-none-eabi/4.8.4/armv6-m/crti.o
                0x00000e9c                _fini
 .fini          0x00000ea0        0x8 c:/freescale/kds_v3/toolchain/bin/../lib/gcc/arm-none-eabi/4.8.4/armv6-m/crtn.o
                0x00000ea8                . = ALIGN (0x4)
                0x00000ea8                _etext = .

.vfp11_veneer   0x00000ea8        0x0
 .vfp11_veneer  0x00000000        0x0 linker stubs

.v4_bx          0x00000ea8        0x0
 .v4_bx         0x00000000        0x0 linker stubs

.iplt           0x00000ea8        0x0
 .iplt          0x00000000        0x0 c:/freescale/kds_v3/toolchain/bin/../lib/gcc/arm-none-eabi/4.8.4/armv6-m/crtbegin.o

.ARM.extab
 *(.ARM.extab* .gnu.linkonce.armextab.*)

.ARM            0x00000ea8        0x8
                0x00000ea8                __exidx_start = .
 *(.ARM.exidx*)
 .ARM.exidx     0x00000ea8        0x8 c:/freescale/kds_v3/toolchain/bin/../lib/gcc/arm-none-eabi/4.8.4/../../../../arm-none-eabi/lib/armv6-m/crt0.o
                0x00000eb0                __exidx_end = .

.rel.dyn        0x00000eb0        0x0
 .rel.iplt      0x00000000        0x0 c:/freescale/kds_v3/toolchain/bin/../lib/gcc/arm-none-eabi/4.8.4/armv6-m/crtbegin.o

.ctors          0x00000eb0        0x0
                0x00000eb0                __CTOR_LIST__ = .
 *crtbegin.o(.ctors)
 *(EXCLUDE_FILE(*crtend.o) .ctors)
 *(SORT(.ctors.*))
 *(.ctors)
                0x00000eb0                __CTOR_END__ = .

.dtors          0x00000eb0        0x0
                0x00000eb0                __DTOR_LIST__ = .
 *crtbegin.o(.dtors)
 *(EXCLUDE_FILE(*crtend.o) .dtors)
 *(SORT(.dtors.*))
 *(.dtors)
                0x00000eb0                __DTOR_END__ = .

.preinit_array  0x00000eb0        0x0
                0x00000eb0                PROVIDE (__preinit_array_start, .)
 *(.preinit_array*)
                0x00000eb0                PROVIDE (__preinit_array_end, .)

.init_array     0x00000eb0        0x4
                0x00000eb0                PROVIDE (__init_array_start, .)
 *(SORT(.init_array.*))
 *(.init_array*)
 .init_array    0x00000eb0        0x4 c:/freescale/kds_v3/toolchain/bin/../lib/gcc/arm-none-eabi/4.8.4/armv6-m/crtbegin.o
                0x00000eb4                PROVIDE (__init_array_end, .)

.fini_array     0x00000eb4        0x4
                0x00000eb4                PROVIDE (__fini_array_start, .)
 *(SORT(.fini_array.*))
 *(.fini_array*)
 .fini_array    0x00000eb4        0x4 c:/freescale/kds_v3/toolchain/bin/../lib/gcc/arm-none-eabi/4.8.4/armv6-m/crtbegin.o
                0x00000eb8                PROVIDE (__fini_array_end, .)
                0x00000eb8                ___ROM_AT = .

.mtb            0x1ffff000        0x0
                0x1ffff000                . = ALIGN (0x8)
                0x1ffff000                _mtb_start = .
 *(.mtb_buf)
                0x1ffff000                . = ALIGN (0x8)
                0x1ffff000                _mtb_end = .

.data           0x1ffff000       0x78 load address 0x00000eb8
                0x1ffff000                . = ALIGN (0x4)
                0x1ffff000                _sdata = .
 *(.data)
 *(.data*)
 .data.g1_ptr   0x1ffff000        0x4 ./Sources/main.o
                0x1ffff000                g1_ptr
 .data.g2_ptr   0x1ffff004        0x4 ./Sources/main.o
                0x1ffff004                g2_ptr
 .data.g3       0x1ffff008        0x4 ./Sources/main.o
                0x1ffff008                g3
 .data.g3_ptr   0x1ffff00c        0x4 ./Sources/main.o
                0x1ffff00c                g3_ptr
 .data.c1_ptr   0x1ffff010        0x4 ./Sources/main.o
                0x1ffff010                c1_ptr
 .data.impure_data
                0x1ffff014       0x60 c:/freescale/kds_v3/toolchain/bin/../lib/gcc/arm-none-eabi/4.8.4/../../../../arm-none-eabi/lib/armv6-m\libg_s.a(lib_a-impure.o)
 .data._impure_ptr
                0x1ffff074        0x4 c:/freescale/kds_v3/toolchain/bin/../lib/gcc/arm-none-eabi/4.8.4/../../../../arm-none-eabi/lib/armv6-m\libg_s.a(lib_a-impure.o)
                0x1ffff074                _impure_ptr
                0x1ffff078                . = ALIGN (0x4)
                0x1ffff078                _edata = .
                0x00000078                ___data_size = (_edata - _sdata)

.jcr            0x1ffff078        0x0 load address 0x00000f30
 .jcr           0x1ffff078        0x0 c:/freescale/kds_v3/toolchain/bin/../lib/gcc/arm-none-eabi/4.8.4/armv6-m/crtbegin.o

.igot.plt       0x1ffff078        0x0 load address 0x00000f30
 .igot.plt      0x00000000        0x0 c:/freescale/kds_v3/toolchain/bin/../lib/gcc/arm-none-eabi/4.8.4/armv6-m/crtbegin.o
                0x1ffff078                . = ALIGN (0x4)

.bss            0x1ffff078       0x3c load address 0x00000f30
                0x1ffff078                __START_BSS = .
                0x1ffff078                PROVIDE (__bss_start__, __START_BSS)
 *(.bss)
 .bss           0x1ffff078       0x1c c:/freescale/kds_v3/toolchain/bin/../lib/gcc/arm-none-eabi/4.8.4/armv6-m/crtbegin.o
 *(.bss*)
 .bss.g2        0x1ffff094        0x2 ./Sources/main.o
                0x1ffff094                g2
 *fill*         0x1ffff096        0x2 
 .bss.INT_UART0__DEFAULT_RTOS_ISRPARAM
                0x1ffff098        0x4 ./Generated_Code/AS1.o
 .bss.SR_lock   0x1ffff09c        0x1 ./Generated_Code/Cpu.o
                0x1ffff09c                SR_lock
 *fill*         0x1ffff09d        0x3 
 .bss.__malloc_sbrk_start
                0x1ffff0a0        0x4 c:/freescale/kds_v3/toolchain/bin/../lib/gcc/arm-none-eabi/4.8.4/../../../../arm-none-eabi/lib/armv6-m\libg_s.a(lib_a-nano-mallocr.o)
                0x1ffff0a0                __malloc_sbrk_start
 .bss.__malloc_free_list
                0x1ffff0a4        0x4 c:/freescale/kds_v3/toolchain/bin/../lib/gcc/arm-none-eabi/4.8.4/../../../../arm-none-eabi/lib/armv6-m\libg_s.a(lib_a-nano-mallocr.o)
                0x1ffff0a4                __malloc_free_list
 .bss.heap_end.4246
                0x1ffff0a8        0x4 c:/freescale/kds_v3/toolchain/bin/../lib/gcc/arm-none-eabi/4.8.4/../../../../arm-none-eabi/lib/armv6-m\libnosys.a(sbrk.o)
 *(COMMON)
 COMMON         0x1ffff0ac        0x1 ./Sources/main.o
                0x1ffff0ac                g1
 COMMON         0x1ffff0ad        0x1 ./Generated_Code/Cpu.o
                0x1ffff0ad                SR_reg
 *fill*         0x1ffff0ae        0x2 
 COMMON         0x1ffff0b0        0x4 c:/freescale/kds_v3/toolchain/bin/../lib/gcc/arm-none-eabi/4.8.4/../../../../arm-none-eabi/lib/armv6-m\libg_s.a(lib_a-reent.o)
                0x1ffff0b0                errno
                0x1ffff0b4                . = ALIGN (0x4)
                0x1ffff0b4                __END_BSS = .
                0x1ffff0b4                PROVIDE (__bss_end__, __END_BSS)
                0x00000f30                _romp_at = (___ROM_AT + SIZEOF (.data))

.romp           0x1ffff0b4       0x18 load address 0x00000f30
                0x00000f30                __S_romp = _romp_at
                0x1ffff0b4        0x4 LONG 0xeb8 ___ROM_AT
                0x1ffff0b8        0x4 LONG 0x1ffff000 _sdata
                0x1ffff0bc        0x4 LONG 0x78 ___data_size
                0x1ffff0c0        0x4 LONG 0x0
                0x1ffff0c4        0x4 LONG 0x0
                0x1ffff0c8        0x4 LONG 0x0
                0x00020000                text_end = (ORIGIN (m_text) + 0x1fbf0)
                0x00000f48                data_init_end = ((___ROM_AT + SIZEOF (.data)) + SIZEOF (.romp))
                0x00000001                ASSERT ((data_init_end <= text_end), region m_text overflowed with text and data)

._user_heap_stack
                0x1ffff0cc      0x400 load address 0x00000f48
                0x1ffff0cc                . = ALIGN (0x4)
                0x1ffff0cc                PROVIDE (end, .)
                0x1ffff0cc                PROVIDE (_end, .)
                0x1ffff0cc                PROVIDE (__end__, .)
                0x1ffff0cc                __heap_addr = .
                0x1ffff0cc                __HeapBase = .
                0x1ffff0cc                . = (. + __heap_size)
                0x1ffff0cc                __HeapLimit = .
                0x1ffff4cc                . = (. + __stack_size)
 *fill*         0x1ffff0cc      0x400 
                0x1ffff4cc                . = ALIGN (0x4)

.ARM.attributes
                0x00000000       0x28
 *(.ARM.attributes)
 .ARM.attributes
                0x00000000       0x1e c:/freescale/kds_v3/toolchain/bin/../lib/gcc/arm-none-eabi/4.8.4/armv6-m/crti.o
 .ARM.attributes
                0x0000001e       0x2c c:/freescale/kds_v3/toolchain/bin/../lib/gcc/arm-none-eabi/4.8.4/armv6-m/crtbegin.o
 .ARM.attributes
                0x0000004a       0x1b c:/freescale/kds_v3/toolchain/bin/../lib/gcc/arm-none-eabi/4.8.4/../../../../arm-none-eabi/lib/armv6-m/crt0.o
 .ARM.attributes
                0x00000065       0x32 ./Sources/Events.o
 .ARM.attributes
                0x00000097       0x32 ./Sources/LED.o
 .ARM.attributes
                0x000000c9       0x32 ./Sources/main.o
 .ARM.attributes
                0x000000fb       0x32 ./Sources/timer.o
 .ARM.attributes
                0x0000012d       0x32 ./Project_Settings/Startup_Code/startup.o
 .ARM.attributes
                0x0000015f       0x32 ./Generated_Code/AS1.o
 .ARM.attributes
                0x00000191       0x32 ./Generated_Code/Cpu.o
 .ARM.attributes
                0x000001c3       0x32 ./Generated_Code/Vectors.o
 .ARM.attributes
                0x000001f5       0x2c c:/freescale/kds_v3/toolchain/bin/../lib/gcc/arm-none-eabi/4.8.4/../../../../arm-none-eabi/lib/armv6-m\libg_s.a(lib_a-exit.o)
 .ARM.attributes
                0x00000221       0x2c c:/freescale/kds_v3/toolchain/bin/../lib/gcc/arm-none-eabi/4.8.4/../../../../arm-none-eabi/lib/armv6-m\libg_s.a(lib_a-impure.o)
 .ARM.attributes
                0x0000024d       0x2c c:/freescale/kds_v3/toolchain/bin/../lib/gcc/arm-none-eabi/4.8.4/../../../../arm-none-eabi/lib/armv6-m\libg_s.a(lib_a-init.o)
 .ARM.attributes
                0x00000279       0x2c c:/freescale/kds_v3/toolchain/bin/../lib/gcc/arm-none-eabi/4.8.4/../../../../arm-none-eabi/lib/armv6-m\libg_s.a(lib_a-malloc.o)
 .ARM.attributes
                0x000002a5       0x2c c:/freescale/kds_v3/toolchain/bin/../lib/gcc/arm-none-eabi/4.8.4/../../../../arm-none-eabi/lib/armv6-m\libg_s.a(lib_a-memcpy-stub.o)
 .ARM.attributes
                0x000002d1       0x2c c:/freescale/kds_v3/toolchain/bin/../lib/gcc/arm-none-eabi/4.8.4/../../../../arm-none-eabi/lib/armv6-m\libg_s.a(lib_a-memset.o)
 .ARM.attributes
                0x000002fd       0x2c c:/freescale/kds_v3/toolchain/bin/../lib/gcc/arm-none-eabi/4.8.4/../../../../arm-none-eabi/lib/armv6-m\libg_s.a(lib_a-nano-freer.o)
 .ARM.attributes
                0x00000329       0x2c c:/freescale/kds_v3/toolchain/bin/../lib/gcc/arm-none-eabi/4.8.4/../../../../arm-none-eabi/lib/armv6-m\libg_s.a(lib_a-nano-mallocr.o)
 .ARM.attributes
                0x00000355       0x2c c:/freescale/kds_v3/toolchain/bin/../lib/gcc/arm-none-eabi/4.8.4/../../../../arm-none-eabi/lib/armv6-m\libg_s.a(lib_a-sbrkr.o)
 .ARM.attributes
                0x00000381       0x2c c:/freescale/kds_v3/toolchain/bin/../lib/gcc/arm-none-eabi/4.8.4/../../../../arm-none-eabi/lib/armv6-m\libg_s.a(lib_a-reent.o)
 .ARM.attributes
                0x000003ad       0x2c c:/freescale/kds_v3/toolchain/bin/../lib/gcc/arm-none-eabi/4.8.4/../../../../arm-none-eabi/lib/armv6-m\libnosys.a(sbrk.o)
 .ARM.attributes
                0x000003d9       0x2c c:/freescale/kds_v3/toolchain/bin/../lib/gcc/arm-none-eabi/4.8.4/../../../../arm-none-eabi/lib/armv6-m\libnosys.a(_exit.o)
 .ARM.attributes
                0x00000405       0x1e c:/freescale/kds_v3/toolchain/bin/../lib/gcc/arm-none-eabi/4.8.4/armv6-m/crtn.o
OUTPUT(UART_withPE.elf elf32-littlearm)

.debug_info     0x00000000     0x23b8
 .debug_info    0x00000000      0x191 ./Sources/Events.o
 .debug_info    0x00000191      0x536 ./Sources/LED.o
 .debug_info    0x000006c7      0x55e ./Sources/main.o
 .debug_info    0x00000c25      0x4c2 ./Sources/timer.o
 .debug_info    0x000010e7      0x20a ./Project_Settings/Startup_Code/startup.o
 .debug_info    0x000012f1      0x777 ./Generated_Code/AS1.o
 .debug_info    0x00001a68      0x842 ./Generated_Code/Cpu.o
 .debug_info    0x000022aa      0x10e ./Generated_Code/Vectors.o

.debug_abbrev   0x00000000      0x98b
 .debug_abbrev  0x00000000       0xeb ./Sources/Events.o
 .debug_abbrev  0x000000eb      0x157 ./Sources/LED.o
 .debug_abbrev  0x00000242      0x166 ./Sources/main.o
 .debug_abbrev  0x000003a8      0x11a ./Sources/timer.o
 .debug_abbrev  0x000004c2      0x11e ./Project_Settings/Startup_Code/startup.o
 .debug_abbrev  0x000005e0      0x1b8 ./Generated_Code/AS1.o
 .debug_abbrev  0x00000798      0x14f ./Generated_Code/Cpu.o
 .debug_abbrev  0x000008e7       0xa4 ./Generated_Code/Vectors.o

.debug_aranges  0x00000000      0x1d8
 .debug_aranges
                0x00000000       0x30 ./Sources/Events.o
 .debug_aranges
                0x00000030       0x70 ./Sources/LED.o
 .debug_aranges
                0x000000a0       0x28 ./Sources/main.o
 .debug_aranges
                0x000000c8       0x28 ./Sources/timer.o
 .debug_aranges
                0x000000f0       0x50 ./Project_Settings/Startup_Code/startup.o
 .debug_aranges
                0x00000140       0x48 ./Generated_Code/AS1.o
 .debug_aranges
                0x00000188       0x38 ./Generated_Code/Cpu.o
 .debug_aranges
                0x000001c0       0x18 ./Generated_Code/Vectors.o

.debug_ranges   0x00000000      0x150
 .debug_ranges  0x00000000       0x20 ./Sources/Events.o
 .debug_ranges  0x00000020       0x60 ./Sources/LED.o
 .debug_ranges  0x00000080       0x18 ./Sources/main.o
 .debug_ranges  0x00000098       0x18 ./Sources/timer.o
 .debug_ranges  0x000000b0       0x40 ./Project_Settings/Startup_Code/startup.o
 .debug_ranges  0x000000f0       0x38 ./Generated_Code/AS1.o
 .debug_ranges  0x00000128       0x28 ./Generated_Code/Cpu.o

.debug_macro    0x00000000     0x9b86
 .debug_macro   0x00000000       0xd7 ./Sources/Events.o
 .debug_macro   0x000000d7     0x156f ./Sources/Events.o
 .debug_macro   0x00001646      0x14e ./Sources/Events.o
 .debug_macro   0x00001794       0x64 ./Sources/Events.o
 .debug_macro   0x000017f8       0x94 ./Sources/Events.o
 .debug_macro   0x0000188c       0x4a ./Sources/Events.o
 .debug_macro   0x000018d6       0x10 ./Sources/Events.o
 .debug_macro   0x000018e6       0xd1 ./Sources/LED.o
 .debug_macro   0x000019b7      0x27f ./Sources/main.o
 .debug_macro   0x00001c36       0x10 ./Sources/main.o
 .debug_macro   0x00001c46       0x3c ./Sources/main.o
 .debug_macro   0x00001c82      0x59d ./Sources/main.o
 .debug_macro   0x0000221f       0x55 ./Sources/timer.o
 .debug_macro   0x00002274      0x121 ./Project_Settings/Startup_Code/startup.o
 .debug_macro   0x00002395      0x166 ./Project_Settings/Startup_Code/startup.o
 .debug_macro   0x000024fb       0x10 ./Project_Settings/Startup_Code/startup.o
 .debug_macro   0x0000250b     0x6685 ./Project_Settings/Startup_Code/startup.o
 .debug_macro   0x00008b90       0xfe ./Generated_Code/AS1.o
 .debug_macro   0x00008c8e       0x94 ./Generated_Code/AS1.o
 .debug_macro   0x00008d22      0x2fd ./Generated_Code/AS1.o
 .debug_macro   0x0000901f      0x99c ./Generated_Code/AS1.o
 .debug_macro   0x000099bb       0xc2 ./Generated_Code/Cpu.o
 .debug_macro   0x00009a7d       0xb9 ./Generated_Code/Vectors.o
 .debug_macro   0x00009b36       0x50 ./Generated_Code/Vectors.o

.debug_line     0x00000000     0x1be8
 .debug_line    0x00000000      0x2ec ./Sources/Events.o
 .debug_line    0x000002ec      0x40e ./Sources/LED.o
 .debug_line    0x000006fa      0x49b ./Sources/main.o
 .debug_line    0x00000b95      0x1eb ./Sources/timer.o
 .debug_line    0x00000d80      0x3e6 ./Project_Settings/Startup_Code/startup.o
 .debug_line    0x00001166      0x433 ./Generated_Code/AS1.o
 .debug_line    0x00001599      0x35e ./Generated_Code/Cpu.o
 .debug_line    0x000018f7      0x2f1 ./Generated_Code/Vectors.o

.debug_str      0x00000000    0x3b4e0
 .debug_str     0x00000000    0x2b875 ./Sources/Events.o
                              0x2bc73 (size before relaxing)
 .debug_str     0x0002b875      0x1f4 ./Sources/LED.o
                              0x2bdcc (size before relaxing)
 .debug_str     0x0002ba69     0x4714 ./Sources/main.o
                              0x30344 (size before relaxing)
 .debug_str     0x0003017d       0x57 ./Sources/timer.o
                              0x24e3b (size before relaxing)
 .debug_str     0x000301d4      0x1b0 ./Project_Settings/Startup_Code/startup.o
                              0x2731c (size before relaxing)
 .debug_str     0x00030384     0xafc9 ./Generated_Code/AS1.o
                              0x36d1e (size before relaxing)
 .debug_str     0x0003b34d      0x177 ./Generated_Code/Cpu.o
                              0x2bec2 (size before relaxing)
 .debug_str     0x0003b4c4       0x1c ./Generated_Code/Vectors.o
                              0x2bc09 (size before relaxing)

.comment        0x00000000       0x70
 .comment       0x00000000       0x70 ./Sources/Events.o
                                 0x71 (size before relaxing)
 .comment       0x00000000       0x71 ./Sources/LED.o
 .comment       0x00000000       0x71 ./Sources/main.o
 .comment       0x00000000       0x71 ./Sources/timer.o
 .comment       0x00000000       0x71 ./Project_Settings/Startup_Code/startup.o
 .comment       0x00000000       0x71 ./Generated_Code/AS1.o
 .comment       0x00000000       0x71 ./Generated_Code/Cpu.o
 .comment       0x00000000       0x71 ./Generated_Code/Vectors.o

.debug_frame    0x00000000      0x678
 .debug_frame   0x00000000       0x6c ./Sources/Events.o
 .debug_frame   0x0000006c      0x168 ./Sources/LED.o
 .debug_frame   0x000001d4       0x50 ./Sources/main.o
 .debug_frame   0x00000224       0x4c ./Sources/timer.o
 .debug_frame   0x00000270       0xd0 ./Project_Settings/Startup_Code/startup.o
 .debug_frame   0x00000340       0xd0 ./Generated_Code/AS1.o
 .debug_frame   0x00000410       0x80 ./Generated_Code/Cpu.o
 .debug_frame   0x00000490       0x28 c:/freescale/kds_v3/toolchain/bin/../lib/gcc/arm-none-eabi/4.8.4/../../../../arm-none-eabi/lib/armv6-m\libg_s.a(lib_a-exit.o)
 .debug_frame   0x000004b8       0x2c c:/freescale/kds_v3/toolchain/bin/../lib/gcc/arm-none-eabi/4.8.4/../../../../arm-none-eabi/lib/armv6-m\libg_s.a(lib_a-init.o)
 .debug_frame   0x000004e4       0x40 c:/freescale/kds_v3/toolchain/bin/../lib/gcc/arm-none-eabi/4.8.4/../../../../arm-none-eabi/lib/armv6-m\libg_s.a(lib_a-malloc.o)
 .debug_frame   0x00000524       0x28 c:/freescale/kds_v3/toolchain/bin/../lib/gcc/arm-none-eabi/4.8.4/../../../../arm-none-eabi/lib/armv6-m\libg_s.a(lib_a-memcpy-stub.o)
 .debug_frame   0x0000054c       0x20 c:/freescale/kds_v3/toolchain/bin/../lib/gcc/arm-none-eabi/4.8.4/../../../../arm-none-eabi/lib/armv6-m\libg_s.a(lib_a-memset.o)
 .debug_frame   0x0000056c       0x2c c:/freescale/kds_v3/toolchain/bin/../lib/gcc/arm-none-eabi/4.8.4/../../../../arm-none-eabi/lib/armv6-m\libg_s.a(lib_a-nano-freer.o)
 .debug_frame   0x00000598       0x2c c:/freescale/kds_v3/toolchain/bin/../lib/gcc/arm-none-eabi/4.8.4/../../../../arm-none-eabi/lib/armv6-m\libg_s.a(lib_a-nano-mallocr.o)
 .debug_frame   0x000005c4       0x2c c:/freescale/kds_v3/toolchain/bin/../lib/gcc/arm-none-eabi/4.8.4/../../../../arm-none-eabi/lib/armv6-m\libg_s.a(lib_a-sbrkr.o)
 .debug_frame   0x000005f0       0x48 c:/freescale/kds_v3/toolchain/bin/../lib/gcc/arm-none-eabi/4.8.4/../../../../arm-none-eabi/lib/armv6-m\libg_s.a(lib_a-reent.o)
 .debug_frame   0x00000638       0x20 c:/freescale/kds_v3/toolchain/bin/../lib/gcc/arm-none-eabi/4.8.4/../../../../arm-none-eabi/lib/armv6-m\libnosys.a(sbrk.o)
 .debug_frame   0x00000658       0x20 c:/freescale/kds_v3/toolchain/bin/../lib/gcc/arm-none-eabi/4.8.4/../../../../arm-none-eabi/lib/armv6-m\libnosys.a(_exit.o)
