Archive member included because of file (symbol)

/opt/Freescale/KDS_v3/toolchain/bin/../lib/gcc/arm-none-eabi/4.8.4/../../../../arm-none-eabi/lib/armv6-m/libm.a(lib_a-w_pow.o)
                              ./Sources/log.o (pow)
/opt/Freescale/KDS_v3/toolchain/bin/../lib/gcc/arm-none-eabi/4.8.4/../../../../arm-none-eabi/lib/armv6-m/libm.a(lib_a-e_pow.o)
                              /opt/Freescale/KDS_v3/toolchain/bin/../lib/gcc/arm-none-eabi/4.8.4/../../../../arm-none-eabi/lib/armv6-m/libm.a(lib_a-w_pow.o) (__ieee754_pow)
/opt/Freescale/KDS_v3/toolchain/bin/../lib/gcc/arm-none-eabi/4.8.4/../../../../arm-none-eabi/lib/armv6-m/libm.a(lib_a-e_sqrt.o)
                              /opt/Freescale/KDS_v3/toolchain/bin/../lib/gcc/arm-none-eabi/4.8.4/../../../../arm-none-eabi/lib/armv6-m/libm.a(lib_a-e_pow.o) (__ieee754_sqrt)
/opt/Freescale/KDS_v3/toolchain/bin/../lib/gcc/arm-none-eabi/4.8.4/../../../../arm-none-eabi/lib/armv6-m/libm.a(lib_a-s_fabs.o)
                              /opt/Freescale/KDS_v3/toolchain/bin/../lib/gcc/arm-none-eabi/4.8.4/../../../../arm-none-eabi/lib/armv6-m/libm.a(lib_a-e_pow.o) (fabs)
/opt/Freescale/KDS_v3/toolchain/bin/../lib/gcc/arm-none-eabi/4.8.4/../../../../arm-none-eabi/lib/armv6-m/libm.a(lib_a-s_finite.o)
                              /opt/Freescale/KDS_v3/toolchain/bin/../lib/gcc/arm-none-eabi/4.8.4/../../../../arm-none-eabi/lib/armv6-m/libm.a(lib_a-w_pow.o) (finite)
/opt/Freescale/KDS_v3/toolchain/bin/../lib/gcc/arm-none-eabi/4.8.4/../../../../arm-none-eabi/lib/armv6-m/libm.a(lib_a-s_fpclassify.o)
                              /opt/Freescale/KDS_v3/toolchain/bin/../lib/gcc/arm-none-eabi/4.8.4/../../../../arm-none-eabi/lib/armv6-m/libm.a(lib_a-w_pow.o) (__fpclassifyd)
/opt/Freescale/KDS_v3/toolchain/bin/../lib/gcc/arm-none-eabi/4.8.4/../../../../arm-none-eabi/lib/armv6-m/libm.a(lib_a-s_lib_ver.o)
                              /opt/Freescale/KDS_v3/toolchain/bin/../lib/gcc/arm-none-eabi/4.8.4/../../../../arm-none-eabi/lib/armv6-m/libm.a(lib_a-w_pow.o) (__fdlib_version)
/opt/Freescale/KDS_v3/toolchain/bin/../lib/gcc/arm-none-eabi/4.8.4/../../../../arm-none-eabi/lib/armv6-m/libm.a(lib_a-s_matherr.o)
                              /opt/Freescale/KDS_v3/toolchain/bin/../lib/gcc/arm-none-eabi/4.8.4/../../../../arm-none-eabi/lib/armv6-m/libm.a(lib_a-w_pow.o) (matherr)
/opt/Freescale/KDS_v3/toolchain/bin/../lib/gcc/arm-none-eabi/4.8.4/../../../../arm-none-eabi/lib/armv6-m/libm.a(lib_a-s_nan.o)
                              /opt/Freescale/KDS_v3/toolchain/bin/../lib/gcc/arm-none-eabi/4.8.4/../../../../arm-none-eabi/lib/armv6-m/libm.a(lib_a-e_pow.o) (nan)
/opt/Freescale/KDS_v3/toolchain/bin/../lib/gcc/arm-none-eabi/4.8.4/../../../../arm-none-eabi/lib/armv6-m/libm.a(lib_a-s_rint.o)
                              /opt/Freescale/KDS_v3/toolchain/bin/../lib/gcc/arm-none-eabi/4.8.4/../../../../arm-none-eabi/lib/armv6-m/libm.a(lib_a-w_pow.o) (rint)
/opt/Freescale/KDS_v3/toolchain/bin/../lib/gcc/arm-none-eabi/4.8.4/../../../../arm-none-eabi/lib/armv6-m/libm.a(lib_a-s_scalbn.o)
                              /opt/Freescale/KDS_v3/toolchain/bin/../lib/gcc/arm-none-eabi/4.8.4/../../../../arm-none-eabi/lib/armv6-m/libm.a(lib_a-e_pow.o) (scalbn)
/opt/Freescale/KDS_v3/toolchain/bin/../lib/gcc/arm-none-eabi/4.8.4/../../../../arm-none-eabi/lib/armv6-m/libm.a(lib_a-s_copysign.o)
                              /opt/Freescale/KDS_v3/toolchain/bin/../lib/gcc/arm-none-eabi/4.8.4/../../../../arm-none-eabi/lib/armv6-m/libm.a(lib_a-s_scalbn.o) (copysign)
/opt/Freescale/KDS_v3/toolchain/bin/../lib/gcc/arm-none-eabi/4.8.4/armv6-m/libgcc.a(_udivsi3.o)
                              ./Sources/log.o (__aeabi_uidiv)
/opt/Freescale/KDS_v3/toolchain/bin/../lib/gcc/arm-none-eabi/4.8.4/armv6-m/libgcc.a(_divsi3.o)
                              ./Sources/log.o (__aeabi_idiv)
/opt/Freescale/KDS_v3/toolchain/bin/../lib/gcc/arm-none-eabi/4.8.4/armv6-m/libgcc.a(_dvmd_tls.o)
                              /opt/Freescale/KDS_v3/toolchain/bin/../lib/gcc/arm-none-eabi/4.8.4/armv6-m/libgcc.a(_udivsi3.o) (__aeabi_idiv0)
/opt/Freescale/KDS_v3/toolchain/bin/../lib/gcc/arm-none-eabi/4.8.4/armv6-m/libgcc.a(_arm_cmpdf2.o)
                              /opt/Freescale/KDS_v3/toolchain/bin/../lib/gcc/arm-none-eabi/4.8.4/../../../../arm-none-eabi/lib/armv6-m/libm.a(lib_a-w_pow.o) (__aeabi_dcmpeq)
/opt/Freescale/KDS_v3/toolchain/bin/../lib/gcc/arm-none-eabi/4.8.4/armv6-m/libgcc.a(subsf3.o)
                              ./Sources/log.o (__aeabi_fsub)
/opt/Freescale/KDS_v3/toolchain/bin/../lib/gcc/arm-none-eabi/4.8.4/armv6-m/libgcc.a(fixsfsi.o)
                              ./Sources/log.o (__aeabi_f2iz)
/opt/Freescale/KDS_v3/toolchain/bin/../lib/gcc/arm-none-eabi/4.8.4/armv6-m/libgcc.a(floatsisf.o)
                              ./Sources/log.o (__aeabi_i2f)
/opt/Freescale/KDS_v3/toolchain/bin/../lib/gcc/arm-none-eabi/4.8.4/armv6-m/libgcc.a(adddf3.o)
[...]
Memory Configuration

Name             Origin             Length             Attributes
m_interrupts     0x00000000         0x000000c0         xr
m_text           0x00000410         0x0001fbf0         xr
m_data           0x1ffff000         0x00004000         rw
m_cfmprotrom     0x00000400         0x00000010         xr
*default*        0x00000000         0xffffffff

Linker script and memory map

LOAD /opt/Freescale/KDS_v3/toolchain/bin/../lib/gcc/arm-none-eabi/4.8.4/armv6-m/crti.o
LOAD /opt/Freescale/KDS_v3/toolchain/bin/../lib/gcc/arm-none-eabi/4.8.4/armv6-m/crtbegin.o
LOAD /opt/Freescale/KDS_v3/toolchain/bin/../lib/gcc/arm-none-eabi/4.8.4/../../../../arm-none-eabi/lib/armv6-m/crt0.o
LOAD ./Sources/CB_test.o
LOAD ./Sources/Events.o
LOAD ./Sources/LED.o
LOAD ./Sources/circBuf.o
LOAD ./Sources/log.o
LOAD ./Sources/main.o
LOAD ./Sources/memory.o
LOAD ./Sources/timer.o
LOAD ./Sources/uart.o
LOAD ./Project_Settings/Startup_Code/startup.o
LOAD ./Generated_Code/AS1.o
LOAD ./Generated_Code/Cpu.o
LOAD ./Generated_Code/PE_LDD.o
LOAD ./Generated_Code/RxBuf.o
LOAD ./Generated_Code/Vectors.o
LOAD /opt/Freescale/KDS_v3/toolchain/bin/../lib/gcc/arm-none-eabi/4.8.4/../../../../arm-none-eabi/lib/armv6-m/libstdc++_s.a
LOAD /opt/Freescale/KDS_v3/toolchain/bin/../lib/gcc/arm-none-eabi/4.8.4/../../../../arm-none-eabi/lib/armv6-m/libm.a
START GROUP
LOAD /opt/Freescale/KDS_v3/toolchain/bin/../lib/gcc/arm-none-eabi/4.8.4/armv6-m/libgcc.a
LOAD /opt/Freescale/KDS_v3/toolchain/bin/../lib/gcc/arm-none-eabi/4.8.4/../../../../arm-none-eabi/lib/armv6-m/libg_s.a
LOAD /opt/Freescale/KDS_v3/toolchain/bin/../lib/gcc/arm-none-eabi/4.8.4/../../../../arm-none-eabi/lib/armv6-m/libc_s.a
END GROUP
START GROUP
LOAD /opt/Freescale/KDS_v3/toolchain/bin/../lib/gcc/arm-none-eabi/4.8.4/armv6-m/libgcc.a
LOAD /opt/Freescale/KDS_v3/toolchain/bin/../lib/gcc/arm-none-eabi/4.8.4/../../../../arm-none-eabi/lib/armv6-m/libc_s.a
LOAD /opt/Freescale/KDS_v3/toolchain/bin/../lib/gcc/arm-none-eabi/4.8.4/../../../../arm-none-eabi/lib/armv6-m/libnosys.a
END GROUP
START GROUP
LOAD /opt/Freescale/KDS_v3/toolchain/bin/../lib/gcc/arm-none-eabi/4.8.4/armv6-m/libgcc.a
LOAD /opt/Freescale/KDS_v3/toolchain/bin/../lib/gcc/arm-none-eabi/4.8.4/../../../../arm-none-eabi/lib/armv6-m/libc_s.a
LOAD /opt/Freescale/KDS_v3/toolchain/bin/../lib/gcc/arm-none-eabi/4.8.4/../../../../arm-none-eabi/lib/armv6-m/libnosys.a
END GROUP
LOAD /opt/Freescale/KDS_v3/toolchain/bin/../lib/gcc/arm-none-eabi/4.8.4/armv6-m/crtend.o
LOAD /opt/Freescale/KDS_v3/toolchain/bin/../lib/gcc/arm-none-eabi/4.8.4/armv6-m/crtn.o
                0x20003000                _estack = 0x20003000
                0x20003000                __SP_INIT = _estack
                0x20003000                __stack = _estack
                0x00000000                __heap_size = 0x0
                0x00000400                __stack_size = 0x400

.interrupts     0x00000000       0xc0
                0x00000000                __vector_table = .
                0x00000000                . = ALIGN (0x4)
 *(.vectortable)
 .vectortable   0x00000000       0xc0 ./Generated_Code/Vectors.o
                0x00000000                __vect_table
                0x000000c0                . = ALIGN (0x4)

.cfmprotect     0x00000400       0x10
                0x00000400                . = ALIGN (0x4)
 *(.cfmconfig)
 .cfmconfig     0x00000400       0x10 ./Generated_Code/Cpu.o
                0x00000400                _cfm
                0x00000410                . = ALIGN (0x4)

.text           0x00000410     0x1574
                0x00000410                . = ALIGN (0x4)
 *(.text)
 .text          0x00000410       0x60 /opt/Freescale/KDS_v3/toolchain/bin/../lib/gcc/arm-none-eabi/4.8.4/armv6-m/crtbegin.o
 .text          0x00000470       0x78 /opt/Freescale/KDS_v3/toolchain/bin/../lib/gcc/arm-none-eabi/4.8.4/../../../../arm-none-eabi/lib/armv6-m/crt0.o
                0x00000470                _mainCRTStartup
                0x00000470                _start
 .text          0x000004e8       0x9c /opt/Freescale/KDS_v3/toolchain/bin/../lib/gcc/arm-none-eabi/4.8.4/armv6-m/libgcc.a(_udivsi3.o)
                0x000004e8                __udivsi3
                0x000004e8                __aeabi_uidiv
                0x00000570                __aeabi_uidivmod
 .text          0x00000584        0x4 /opt/Freescale/KDS_v3/toolchain/bin/../lib/gcc/arm-none-eabi/4.8.4/armv6-m/libgcc.a(_dvmd_tls.o)
                0x00000584                __aeabi_ldiv0
                0x00000584                __aeabi_idiv0
 *(.text*)
 .text.CB_unit_test
                0x00000588      0x3d4 ./Sources/CB_test.o
                0x00000588                CB_unit_test
 .text.Cpu_OnNMIINT
                0x0000095c        0x8 ./Sources/Events.o
                0x0000095c                Cpu_OnNMIINT
 .text.AS1_OnBlockReceived
                0x00000964       0x30 ./Sources/Events.o
                0x00000964                AS1_OnBlockReceived
 .text.AS1_OnBlockSent
                0x00000994       0x18 ./Sources/Events.o
                0x00000994                AS1_OnBlockSent
 .text.bufFull  0x000009ac       0x24 ./Sources/circBuf.o
                0x000009ac                bufFull
 .text.bufEmpty
                0x000009d0       0x20 ./Sources/circBuf.o
                0x000009d0                bufEmpty
 .text.bufAddItem
                0x000009f0       0x84 ./Sources/circBuf.o
                0x000009f0                bufAddItem
 .text.bufRemoveItem
                0x00000a74       0x64 ./Sources/circBuf.o
                0x00000a74                bufRemoveItem
 .text.LOG_0    0x00000ad8       0x54 ./Sources/log.o
                0x00000ad8                LOG_0
 .text.LOG_1    0x00000b2c       0x7c ./Sources/log.o
                0x00000b2c                LOG_1
 .text.itoa_uint32
                0x00000ba8       0x68 ./Sources/log.o
                0x00000ba8                itoa_uint32
 .text.reverse2
                0x00000c10       0xa4 ./Sources/log.o
                0x00000c10                reverse2
 .text.main     0x00000cb4       0x18 ./Sources/main.o
                0x00000cb4                main
 .text.SendChar
                0x00000ccc       0x40 ./Sources/uart.o
                0x00000ccc                SendChar
 .text.Init     0x00000d0c       0x50 ./Sources/uart.o
                0x00000d0c                Init
 .text.__copy_rom_section
                0x00000d5c       0xd8 ./Project_Settings/Startup_Code/startup.o
                0x00000d5c                __copy_rom_section
 .text.__copy_rom_sections_to_ram
                0x00000e34       0x98 ./Project_Settings/Startup_Code/startup.o
                0x00000e34                __copy_rom_sections_to_ram
 .text.__init_registers
                0x00000ecc        0x8 ./Project_Settings/Startup_Code/startup.o
                0x00000ecc                __init_registers
 .text.__init_user
                0x00000ed4        0x8 ./Project_Settings/Startup_Code/startup.o
                0x00000ed4                __init_user
 .text.__thumb_startup
                0x00000edc       0x30 ./Project_Settings/Startup_Code/startup.o
                0x00000edc                __thumb_startup
 .text.AS1_Init
                0x00000f0c      0x1b0 ./Generated_Code/AS1.o
                0x00000f0c                AS1_Init
 .text.AS1_ReceiveBlock
                0x000010bc       0x98 ./Generated_Code/AS1.o
                0x000010bc                AS1_ReceiveBlock
 .text.AS1_SendBlock
                0x00001154       0xc4 ./Generated_Code/AS1.o
                0x00001154                AS1_SendBlock
 .text.InterruptRx
                0x00001218       0x58 ./Generated_Code/AS1.o
 .text.InterruptTx
                0x00001270       0x80 ./Generated_Code/AS1.o
 .text.AS1_Interrupt
                0x000012f0       0x64 ./Generated_Code/AS1.o
                0x000012f0                AS1_Interrupt
 .text.Cpu_INT_NMIInterrupt
                0x00001354        0xc ./Generated_Code/Cpu.o
                0x00001354                Cpu_INT_NMIInterrupt
 .text.Cpu_Interrupt
                0x00001360        0xc ./Generated_Code/Cpu.o
                0x00001360                Cpu_Interrupt
 .text.__init_hardware
                0x0000136c      0x110 ./Generated_Code/Cpu.o
                0x0000136c                __init_hardware
 .text.RxBuf_Put
                0x0000147c       0xc0 ./Generated_Code/RxBuf.o
                0x0000147c                RxBuf_Put
 .text.RxBuf_Init
                0x0000153c       0x28 ./Generated_Code/RxBuf.o
                0x0000153c                RxBuf_Init
 .text.exit     0x00001564       0x2c /opt/Freescale/KDS_v3/toolchain/bin/../lib/gcc/arm-none-eabi/4.8.4/../../../../arm-none-eabi/lib/armv6-m/libg_s.a(lib_a-exit.o)
                0x00001564                exit
 .text.__libc_init_array
                0x00001590       0x4c /opt/Freescale/KDS_v3/toolchain/bin/../lib/gcc/arm-none-eabi/4.8.4/../../../../arm-none-eabi/lib/armv6-m/libg_s.a(lib_a-init.o)
                0x00001590                __libc_init_array
 .text.memset   0x000015dc       0x10 /opt/Freescale/KDS_v3/toolchain/bin/../lib/gcc/arm-none-eabi/4.8.4/../../../../arm-none-eabi/lib/armv6-m/libg_s.a(lib_a-memset.o)
                0x000015dc                memset
 .text.strlen   0x000015ec        0xe /opt/Freescale/KDS_v3/toolchain/bin/../lib/gcc/arm-none-eabi/4.8.4/../../../../arm-none-eabi/lib/armv6-m/libg_s.a(lib_a-strlen.o)
                0x000015ec                strlen
 *fill*         0x000015fa        0x2 
 .text._exit    0x000015fc        0x4 /opt/Freescale/KDS_v3/toolchain/bin/../lib/gcc/arm-none-eabi/4.8.4/../../../../arm-none-eabi/lib/armv6-m/libnosys.a(_exit.o)
                0x000015fc                _exit
 *(.rodata)
 .rodata        0x00001600      0x364 ./Sources/CB_test.o
 *(.rodata*)
 .rodata.str1.1
                0x00001964        0x2 /opt/Freescale/KDS_v3/toolchain/bin/../lib/gcc/arm-none-eabi/4.8.4/../../../../arm-none-eabi/lib/armv6-m/libg_s.a(lib_a-impure.o)
 *fill*         0x00001966        0x2 
 .rodata._global_impure_ptr
                0x00001968        0x4 /opt/Freescale/KDS_v3/toolchain/bin/../lib/gcc/arm-none-eabi/4.8.4/../../../../arm-none-eabi/lib/armv6-m/libg_s.a(lib_a-impure.o)
                0x00001968                _global_impure_ptr
 *(.glue_7)
 .glue_7        0x00000000        0x0 linker stubs
 *(.glue_7t)
 .glue_7t       0x00000000        0x0 linker stubs
 *(.eh_frame)
 .eh_frame      0x0000196c        0x0 /opt/Freescale/KDS_v3/toolchain/bin/../lib/gcc/arm-none-eabi/4.8.4/armv6-m/crtbegin.o
 *(.init)
 .init          0x0000196c        0x4 /opt/Freescale/KDS_v3/toolchain/bin/../lib/gcc/arm-none-eabi/4.8.4/armv6-m/crti.o
                0x0000196c                _init
 .init          0x00001970        0x8 /opt/Freescale/KDS_v3/toolchain/bin/../lib/gcc/arm-none-eabi/4.8.4/armv6-m/crtn.o
 *(.fini)
 .fini          0x00001978        0x4 /opt/Freescale/KDS_v3/toolchain/bin/../lib/gcc/arm-none-eabi/4.8.4/armv6-m/crti.o
                0x00001978                _fini
 .fini          0x0000197c        0x8 /opt/Freescale/KDS_v3/toolchain/bin/../lib/gcc/arm-none-eabi/4.8.4/armv6-m/crtn.o
                0x00001984                . = ALIGN (0x4)
                0x00001984                _etext = .

.vfp11_veneer   0x00001984        0x0
 .vfp11_veneer  0x00000000        0x0 linker stubs

.v4_bx          0x00001984        0x0
 .v4_bx         0x00000000        0x0 linker stubs

.iplt           0x00001984        0x0
 .iplt          0x00000000        0x0 /opt/Freescale/KDS_v3/toolchain/bin/../lib/gcc/arm-none-eabi/4.8.4/armv6-m/crtbegin.o

.ARM.extab
 *(.ARM.extab* .gnu.linkonce.armextab.*)

.ARM            0x00001984        0x8
                0x00001984                __exidx_start = .
 *(.ARM.exidx*)
 .ARM.exidx     0x00001984        0x8 /opt/Freescale/KDS_v3/toolchain/bin/../lib/gcc/arm-none-eabi/4.8.4/../../../../arm-none-eabi/lib/armv6-m/crt0.o
                0x0000198c                __exidx_end = .

.rel.dyn        0x0000198c        0x0
 .rel.iplt      0x00000000        0x0 /opt/Freescale/KDS_v3/toolchain/bin/../lib/gcc/arm-none-eabi/4.8.4/armv6-m/crtbegin.o

.ctors          0x0000198c        0x0
                0x0000198c                __CTOR_LIST__ = .
 *crtbegin.o(.ctors)
 *(EXCLUDE_FILE(*crtend.o) .ctors)
 *(SORT(.ctors.*))
 *(.ctors)
                0x0000198c                __CTOR_END__ = .

.dtors          0x0000198c        0x0
                0x0000198c                __DTOR_LIST__ = .
 *crtbegin.o(.dtors)
 *(EXCLUDE_FILE(*crtend.o) .dtors)
 *(SORT(.dtors.*))
 *(.dtors)
                0x0000198c                __DTOR_END__ = .

.preinit_array  0x0000198c        0x0
                0x0000198c                PROVIDE (__preinit_array_start, .)
 *(.preinit_array*)
                0x0000198c                PROVIDE (__preinit_array_end, .)

.init_array     0x0000198c        0x4
                0x0000198c                PROVIDE (__init_array_start, .)
 *(SORT(.init_array.*))
 *(.init_array*)
 .init_array    0x0000198c        0x4 /opt/Freescale/KDS_v3/toolchain/bin/../lib/gcc/arm-none-eabi/4.8.4/armv6-m/crtbegin.o
                0x00001990                PROVIDE (__init_array_end, .)

.fini_array     0x00001990        0x4
                0x00001990                PROVIDE (__fini_array_start, .)
 *(SORT(.fini_array.*))
 *(.fini_array*)
 .fini_array    0x00001990        0x4 /opt/Freescale/KDS_v3/toolchain/bin/../lib/gcc/arm-none-eabi/4.8.4/armv6-m/crtbegin.o
                0x00001994                PROVIDE (__fini_array_end, .)
                0x00001994                ___ROM_AT = .

.mtb            0x1ffff000        0x0
                0x1ffff000                . = ALIGN (0x8)
                0x1ffff000                _mtb_start = .
 *(.mtb_buf)
                0x1ffff000                . = ALIGN (0x8)
                0x1ffff000                _mtb_end = .

.data           0x1ffff000       0x60 load address 0x00001994
                0x1ffff000                . = ALIGN (0x4)
                0x1ffff000                _sdata = .
 *(.data)
 *(.data*)
 .data.impure_data
                0x1ffff000       0x60 /opt/Freescale/KDS_v3/toolchain/bin/../lib/gcc/arm-none-eabi/4.8.4/../../../../arm-none-eabi/lib/armv6-m/libg_s.a(lib_a-impure.o)
                0x1ffff060                . = ALIGN (0x4)
                0x1ffff060                _edata = .
                0x00000060                ___data_size = (_edata - _sdata)

.jcr            0x1ffff060        0x0 load address 0x000019f4
 .jcr           0x1ffff060        0x0 /opt/Freescale/KDS_v3/toolchain/bin/../lib/gcc/arm-none-eabi/4.8.4/armv6-m/crtbegin.o

.igot.plt       0x1ffff060        0x0 load address 0x000019f4
 .igot.plt      0x00000000        0x0 /opt/Freescale/KDS_v3/toolchain/bin/../lib/gcc/arm-none-eabi/4.8.4/armv6-m/crtbegin.o
                0x1ffff060                . = ALIGN (0x4)

.bss            0x1ffff060       0x94 load address 0x000019f4
                0x1ffff060                __START_BSS = .
                0x1ffff060                PROVIDE (__bss_start__, __START_BSS)
 *(.bss)
 .bss           0x1ffff060       0x1c /opt/Freescale/KDS_v3/toolchain/bin/../lib/gcc/arm-none-eabi/4.8.4/armv6-m/crtbegin.o
 *(.bss*)
 .bss.DeviceDataPrv__DEFAULT_RTOS_ALLOC
                0x1ffff07c       0x18 ./Generated_Code/AS1.o
 .bss.INT_UART0__DEFAULT_RTOS_ISRPARAM
                0x1ffff094        0x4 ./Generated_Code/AS1.o
 .bss.SR_lock   0x1ffff098        0x1 ./Generated_Code/Cpu.o
                0x1ffff098                SR_lock
 *fill*         0x1ffff099        0x3 
 .bss.PE_LDD_DeviceDataList
                0x1ffff09c        0x4 ./Generated_Code/PE_LDD.o
                0x1ffff09c                PE_LDD_DeviceDataList
 .bss.RxBuf_buffer
                0x1ffff0a0       0x40 ./Generated_Code/RxBuf.o
 .bss.RxBuf_inIdx
                0x1ffff0e0        0x1 ./Generated_Code/RxBuf.o
 .bss.RxBuf_outIdx
                0x1ffff0e1        0x1 ./Generated_Code/RxBuf.o
 .bss.RxBuf_inSize
                0x1ffff0e2        0x1 ./Generated_Code/RxBuf.o
 *(COMMON)
 *fill*         0x1ffff0e3        0x1 
 COMMON         0x1ffff0e4        0xc ./Sources/uart.o
                0x1ffff0e4                deviceData
 COMMON         0x1ffff0f0        0x1 ./Generated_Code/Cpu.o
                0x1ffff0f0                SR_reg
                0x1ffff0f4                . = ALIGN (0x4)
 *fill*         0x1ffff0f1        0x3 
                0x1ffff0f4                __END_BSS = .
                0x1ffff0f4                PROVIDE (__bss_end__, __END_BSS)
                0x000019f4                _romp_at = (___ROM_AT + SIZEOF (.data))

.romp           0x1ffff0f4       0x18 load address 0x000019f4
                0x000019f4                __S_romp = _romp_at
                0x1ffff0f4        0x4 LONG 0x1994 ___ROM_AT
                0x1ffff0f8        0x4 LONG 0x1ffff000 _sdata
                0x1ffff0fc        0x4 LONG 0x60 ___data_size
                0x1ffff100        0x4 LONG 0x0
                0x1ffff104        0x4 LONG 0x0
                0x1ffff108        0x4 LONG 0x0
                0x00020000                text_end = (ORIGIN (m_text) + 0x1fbf0)
                0x00001a0c                data_init_end = ((___ROM_AT + SIZEOF (.data)) + SIZEOF (.romp))
                0x00000001                ASSERT ((data_init_end <= text_end), region m_text overflowed with text and data)

._user_heap_stack
                0x1ffff10c      0x400 load address 0x00001a0c
                0x1ffff10c                . = ALIGN (0x4)
                0x1ffff10c                PROVIDE (end, .)
                0x1ffff10c                PROVIDE (_end, .)
                0x1ffff10c                PROVIDE (__end__, .)
                0x1ffff10c                __heap_addr = .
                0x1ffff10c                __HeapBase = .
                0x1ffff10c                . = (. + __heap_size)
                0x1ffff10c                __HeapLimit = .
                0x1ffff50c                . = (. + __stack_size)
 *fill*         0x1ffff10c      0x400 
                0x1ffff50c                . = ALIGN (0x4)

.ARM.attributes
                0x00000000       0x28
 *(.ARM.attributes)
 .ARM.attributes
                0x00000000       0x1e /opt/Freescale/KDS_v3/toolchain/bin/../lib/gcc/arm-none-eabi/4.8.4/armv6-m/crti.o
 .ARM.attributes
                0x0000001e       0x2c /opt/Freescale/KDS_v3/toolchain/bin/../lib/gcc/arm-none-eabi/4.8.4/armv6-m/crtbegin.o
 .ARM.attributes
                0x0000004a       0x1b /opt/Freescale/KDS_v3/toolchain/bin/../lib/gcc/arm-none-eabi/4.8.4/../../../../arm-none-eabi/lib/armv6-m/crt0.o
 .ARM.attributes
                0x00000065       0x32 ./Sources/CB_test.o
 .ARM.attributes
                0x00000097       0x32 ./Sources/Events.o
 .ARM.attributes
                0x000000c9       0x32 ./Sources/circBuf.o
 .ARM.attributes
                0x000000fb       0x32 ./Sources/log.o
 .ARM.attributes
                0x0000012d       0x32 ./Sources/main.o
 .ARM.attributes
                0x0000015f       0x32 ./Sources/uart.o
 .ARM.attributes
                0x00000191       0x32 ./Project_Settings/Startup_Code/startup.o
 .ARM.attributes
                0x000001c3       0x32 ./Generated_Code/AS1.o
 .ARM.attributes
                0x000001f5       0x32 ./Generated_Code/Cpu.o
 .ARM.attributes
                0x00000227       0x32 ./Generated_Code/PE_LDD.o
 .ARM.attributes
                0x00000259       0x32 ./Generated_Code/RxBuf.o
 .ARM.attributes
                0x0000028b       0x32 ./Generated_Code/Vectors.o
 .ARM.attributes
                0x000002bd       0x1e /opt/Freescale/KDS_v3/toolchain/bin/../lib/gcc/arm-none-eabi/4.8.4/armv6-m/libgcc.a(_udivsi3.o)
 .ARM.attributes
                0x000002db       0x1e /opt/Freescale/KDS_v3/toolchain/bin/../lib/gcc/arm-none-eabi/4.8.4/armv6-m/libgcc.a(_dvmd_tls.o)
 .ARM.attributes
                0x000002f9       0x2c /opt/Freescale/KDS_v3/toolchain/bin/../lib/gcc/arm-none-eabi/4.8.4/../../../../arm-none-eabi/lib/armv6-m/libg_s.a(lib_a-exit.o)
 .ARM.attributes
                0x00000325       0x2c /opt/Freescale/KDS_v3/toolchain/bin/../lib/gcc/arm-none-eabi/4.8.4/../../../../arm-none-eabi/lib/armv6-m/libg_s.a(lib_a-impure.o)
 .ARM.attributes
                0x00000351       0x2c /opt/Freescale/KDS_v3/toolchain/bin/../lib/gcc/arm-none-eabi/4.8.4/../../../../arm-none-eabi/lib/armv6-m/libg_s.a(lib_a-init.o)
 .ARM.attributes
                0x0000037d       0x2c /opt/Freescale/KDS_v3/toolchain/bin/../lib/gcc/arm-none-eabi/4.8.4/../../../../arm-none-eabi/lib/armv6-m/libg_s.a(lib_a-memset.o)
 .ARM.attributes
                0x000003a9       0x2c /opt/Freescale/KDS_v3/toolchain/bin/../lib/gcc/arm-none-eabi/4.8.4/../../../../arm-none-eabi/lib/armv6-m/libg_s.a(lib_a-strlen.o)
 .ARM.attributes
                0x000003d5       0x2c /opt/Freescale/KDS_v3/toolchain/bin/../lib/gcc/arm-none-eabi/4.8.4/../../../../arm-none-eabi/lib/armv6-m/libnosys.a(_exit.o)
 .ARM.attributes
                0x00000401       0x1e /opt/Freescale/KDS_v3/toolchain/bin/../lib/gcc/arm-none-eabi/4.8.4/armv6-m/crtn.o
OUTPUT(UART_withPE.elf elf32-littlearm)

.debug_info     0x00000000     0x230d
 .debug_info    0x00000000      0x1a9 ./Sources/CB_test.o
 .debug_info    0x000001a9      0x191 ./Sources/Events.o
 .debug_info    0x0000033a      0x1c8 ./Sources/circBuf.o
 .debug_info    0x00000502      0x425 ./Sources/log.o
 .debug_info    0x00000927      0x12f ./Sources/main.o
 .debug_info    0x00000a56      0x1a3 ./Sources/uart.o
 .debug_info    0x00000bf9      0x20a ./Project_Settings/Startup_Code/startup.o
 .debug_info    0x00000e03      0x777 ./Generated_Code/AS1.o
 .debug_info    0x0000157a      0x842 ./Generated_Code/Cpu.o
 .debug_info    0x00001dbc      0x251 ./Generated_Code/PE_LDD.o
 .debug_info    0x0000200d      0x1f2 ./Generated_Code/RxBuf.o
 .debug_info    0x000021ff      0x10e ./Generated_Code/Vectors.o

.debug_abbrev   0x00000000      0xbef
 .debug_abbrev  0x00000000       0xc1 ./Sources/CB_test.o
 .debug_abbrev  0x000000c1       0xeb ./Sources/Events.o
 .debug_abbrev  0x000001ac       0xc4 ./Sources/circBuf.o
 .debug_abbrev  0x00000270      0x132 ./Sources/log.o
 .debug_abbrev  0x000003a2       0x9b ./Sources/main.o
 .debug_abbrev  0x0000043d       0xeb ./Sources/uart.o
 .debug_abbrev  0x00000528      0x11e ./Project_Settings/Startup_Code/startup.o
 .debug_abbrev  0x00000646      0x1b8 ./Generated_Code/AS1.o
 .debug_abbrev  0x000007fe      0x14f ./Generated_Code/Cpu.o
 .debug_abbrev  0x0000094d      0x10d ./Generated_Code/PE_LDD.o
 .debug_abbrev  0x00000a5a       0xf1 ./Generated_Code/RxBuf.o
 .debug_abbrev  0x00000b4b       0xa4 ./Generated_Code/Vectors.o

.debug_aranges  0x00000000      0x288
 .debug_aranges
                0x00000000       0x20 ./Sources/CB_test.o
 .debug_aranges
                0x00000020       0x30 ./Sources/Events.o
 .debug_aranges
                0x00000050       0x38 ./Sources/circBuf.o
 .debug_aranges
                0x00000088       0x58 ./Sources/log.o
 .debug_aranges
                0x000000e0       0x20 ./Sources/main.o
 .debug_aranges
                0x00000100       0x30 ./Sources/uart.o
 .debug_aranges
                0x00000130       0x50 ./Project_Settings/Startup_Code/startup.o
 .debug_aranges
                0x00000180       0x48 ./Generated_Code/AS1.o
 .debug_aranges
                0x000001c8       0x38 ./Generated_Code/Cpu.o
 .debug_aranges
                0x00000200       0x30 ./Generated_Code/PE_LDD.o
 .debug_aranges
                0x00000230       0x40 ./Generated_Code/RxBuf.o
 .debug_aranges
                0x00000270       0x18 ./Generated_Code/Vectors.o

.debug_ranges   0x00000000      0x1c0
 .debug_ranges  0x00000000       0x10 ./Sources/CB_test.o
 .debug_ranges  0x00000010       0x20 ./Sources/Events.o
 .debug_ranges  0x00000030       0x28 ./Sources/circBuf.o
 .debug_ranges  0x00000058       0x48 ./Sources/log.o
 .debug_ranges  0x000000a0       0x10 ./Sources/main.o
 .debug_ranges  0x000000b0       0x20 ./Sources/uart.o
 .debug_ranges  0x000000d0       0x40 ./Project_Settings/Startup_Code/startup.o
 .debug_ranges  0x00000110       0x38 ./Generated_Code/AS1.o
 .debug_ranges  0x00000148       0x28 ./Generated_Code/Cpu.o
 .debug_ranges  0x00000170       0x20 ./Generated_Code/PE_LDD.o
 .debug_ranges  0x00000190       0x30 ./Generated_Code/RxBuf.o

.debug_macro    0x00000000    0x12f51
 .debug_macro   0x00000000       0x60 ./Sources/CB_test.o
 .debug_macro   0x00000060      0x802 ./Sources/CB_test.o
 .debug_macro   0x00000862       0x16 ./Sources/CB_test.o
 .debug_macro   0x00000878       0x44 ./Sources/CB_test.o
 .debug_macro   0x000008bc      0x209 ./Sources/CB_test.o
 .debug_macro   0x00000ac5       0xd7 ./Sources/Events.o
 .debug_macro   0x00000b9c     0x156f ./Sources/Events.o
 .debug_macro   0x0000210b      0x14e ./Sources/Events.o
 .debug_macro   0x00002259       0x64 ./Sources/Events.o
 .debug_macro   0x000022bd     0x6691 ./Sources/Events.o
 .debug_macro   0x0000894e       0x94 ./Sources/Events.o
 .debug_macro   0x000089e2       0x4a ./Sources/Events.o
 .debug_macro   0x00008a2c       0x10 ./Sources/Events.o
 .debug_macro   0x00008a3c      0x108 ./Sources/circBuf.o
 .debug_macro   0x00008b44       0x58 ./Sources/circBuf.o
 .debug_macro   0x00008b9c       0x35 ./Sources/circBuf.o
 .debug_macro   0x00008bd1       0xa3 ./Sources/circBuf.o
 .debug_macro   0x00008c74       0x16 ./Sources/circBuf.o
 .debug_macro   0x00008c8a       0x97 ./Sources/circBuf.o
 .debug_macro   0x00008d21       0x10 ./Sources/circBuf.o
 .debug_macro   0x00008d31       0xef ./Sources/circBuf.o
 .debug_macro   0x00008e20       0x4a ./Sources/circBuf.o
 .debug_macro   0x00008e6a       0x52 ./Sources/circBuf.o
 .debug_macro   0x00008ebc       0x16 ./Sources/circBuf.o
 .debug_macro   0x00008ed2       0x43 ./Sources/circBuf.o
 .debug_macro   0x00008f15      0x180 ./Sources/circBuf.o
 .debug_macro   0x00009095       0x10 ./Sources/circBuf.o
 .debug_macro   0x000090a5       0x22 ./Sources/circBuf.o
 .debug_macro   0x000090c7       0xbd ./Sources/circBuf.o
 .debug_macro   0x00009184       0x16 ./Sources/circBuf.o
 .debug_macro   0x0000919a      0x14a ./Sources/circBuf.o
 .debug_macro   0x000092e4      0x20f ./Sources/circBuf.o
 .debug_macro   0x000094f3      0x19f ./Sources/log.o
 .debug_macro   0x00009692       0x16 ./Sources/log.o
 .debug_macro   0x000096a8      0x10e ./Sources/log.o
 .debug_macro   0x000097b6       0x7f ./Sources/log.o
 .debug_macro   0x00009835       0x22 ./Sources/log.o
 .debug_macro   0x00009857      0x2a6 ./Sources/log.o
 .debug_macro   0x00009afd       0x10 ./Sources/log.o
 .debug_macro   0x00009b0d       0x35 ./Sources/log.o
 .debug_macro   0x00009b42       0xde ./Sources/log.o
 .debug_macro   0x00009c20     0x156f ./Sources/log.o
 .debug_macro   0x0000b18f      0x223 ./Sources/main.o
 .debug_macro   0x0000b3b2       0xbd ./Sources/uart.o
 .debug_macro   0x0000b46f      0x121 ./Project_Settings/Startup_Code/startup.o
 .debug_macro   0x0000b590      0x166 ./Project_Settings/Startup_Code/startup.o
 .debug_macro   0x0000b6f6       0x10 ./Project_Settings/Startup_Code/startup.o
 .debug_macro   0x0000b706     0x6685 ./Project_Settings/Startup_Code/startup.o
 .debug_macro   0x00011d8b       0xfe ./Generated_Code/AS1.o
 .debug_macro   0x00011e89       0x94 ./Generated_Code/AS1.o
 .debug_macro   0x00011f1d      0x2fd ./Generated_Code/AS1.o
 .debug_macro   0x0001221a      0x99c ./Generated_Code/AS1.o
 .debug_macro   0x00012bb6       0xc2 ./Generated_Code/Cpu.o
 .debug_macro   0x00012c78       0xa7 ./Generated_Code/PE_LDD.o
 .debug_macro   0x00012d1f       0x8f ./Generated_Code/RxBuf.o
 .debug_macro   0x00012dae       0x9a ./Generated_Code/RxBuf.o
 .debug_macro   0x00012e48       0xb9 ./Generated_Code/Vectors.o
 .debug_macro   0x00012f01       0x50 ./Generated_Code/Vectors.o

.debug_line     0x00000000     0x24c9
 .debug_line    0x00000000      0x2a8 ./Sources/CB_test.o
 .debug_line    0x000002a8      0x2a6 ./Sources/Events.o
 .debug_line    0x0000054e      0x26b ./Sources/circBuf.o
 .debug_line    0x000007b9      0x46b ./Sources/log.o
 .debug_line    0x00000c24      0x3da ./Sources/main.o
 .debug_line    0x00000ffe      0x2b4 ./Sources/uart.o
 .debug_line    0x000012b2      0x3bc ./Project_Settings/Startup_Code/startup.o
 .debug_line    0x0000166e      0x3d3 ./Generated_Code/AS1.o
 .debug_line    0x00001a41      0x318 ./Generated_Code/Cpu.o
 .debug_line    0x00001d59      0x249 ./Generated_Code/PE_LDD.o
 .debug_line    0x00001fa2      0x27c ./Generated_Code/RxBuf.o
 .debug_line    0x0000221e      0x2ab ./Generated_Code/Vectors.o

.debug_str      0x00000000    0x3a5a7
 .debug_str     0x00000000     0x2d18 ./Sources/CB_test.o
                               0x2e81 (size before relaxing)
 .debug_str     0x00002d18    0x28c09 ./Sources/Events.o
                              0x2bc55 (size before relaxing)
 .debug_str     0x0002b921     0x1f70 ./Sources/circBuf.o
                               0x4df0 (size before relaxing)
 .debug_str     0x0002d891     0x16ac ./Sources/log.o
                              0x2e889 (size before relaxing)
 .debug_str     0x0002ef3d       0x7d ./Sources/main.o
                              0x2eb5b (size before relaxing)
 .debug_str     0x0002efba       0x2b ./Sources/uart.o
                              0x2bc25 (size before relaxing)
 .debug_str     0x0002efe5      0x110 ./Project_Settings/Startup_Code/startup.o
                              0x27302 (size before relaxing)
 .debug_str     0x0002f0f5     0xb0e6 ./Generated_Code/AS1.o
                              0x36d04 (size before relaxing)
 .debug_str     0x0003a1db      0x19c ./Generated_Code/Cpu.o
                              0x2bea8 (size before relaxing)
 .debug_str     0x0003a377      0x170 ./Generated_Code/PE_LDD.o
                              0x2bd5c (size before relaxing)
 .debug_str     0x0003a4e7       0xa4 ./Generated_Code/RxBuf.o
                              0x2bb31 (size before relaxing)
 .debug_str     0x0003a58b       0x1c ./Generated_Code/Vectors.o
                              0x2bbef (size before relaxing)

.comment        0x00000000       0x70
 .comment       0x00000000       0x70 ./Sources/CB_test.o
                                 0x71 (size before relaxing)
 .comment       0x00000000       0x71 ./Sources/Events.o
 .comment       0x00000000       0x71 ./Sources/circBuf.o
 .comment       0x00000000       0x71 ./Sources/log.o
 .comment       0x00000000       0x71 ./Sources/main.o
 .comment       0x00000000       0x71 ./Sources/uart.o
 .comment       0x00000000       0x71 ./Project_Settings/Startup_Code/startup.o
 .comment       0x00000000       0x71 ./Generated_Code/AS1.o
 .comment       0x00000000       0x71 ./Generated_Code/Cpu.o
 .comment       0x00000000       0x71 ./Generated_Code/PE_LDD.o
 .comment       0x00000000       0x71 ./Generated_Code/RxBuf.o
 .comment       0x00000000       0x71 ./Generated_Code/Vectors.o

.debug_frame    0x00000000      0x6e0
 .debug_frame   0x00000000       0x30 ./Sources/CB_test.o
 .debug_frame   0x00000030       0x6c ./Sources/Events.o
 .debug_frame   0x0000009c       0x90 ./Sources/circBuf.o
 .debug_frame   0x0000012c      0x114 ./Sources/log.o
 .debug_frame   0x00000240       0x30 ./Sources/main.o
 .debug_frame   0x00000270       0x6c ./Sources/uart.o
 .debug_frame   0x000002dc       0xd0 ./Project_Settings/Startup_Code/startup.o
 .debug_frame   0x000003ac       0xd0 ./Generated_Code/AS1.o
 .debug_frame   0x0000047c       0x80 ./Generated_Code/Cpu.o
 .debug_frame   0x000004fc       0x6c ./Generated_Code/PE_LDD.o
 .debug_frame   0x00000568       0xa4 ./Generated_Code/RxBuf.o
 .debug_frame   0x0000060c       0x20 /opt/Freescale/KDS_v3/toolchain/bin/../lib/gcc/arm-none-eabi/4.8.4/armv6-m/libgcc.a(_udivsi3.o)
 .debug_frame   0x0000062c       0x28 /opt/Freescale/KDS_v3/toolchain/bin/../lib/gcc/arm-none-eabi/4.8.4/../../../../arm-none-eabi/lib/armv6-m/libg_s.a(lib_a-exit.o)
 .debug_frame   0x00000654       0x2c /opt/Freescale/KDS_v3/toolchain/bin/../lib/gcc/arm-none-eabi/4.8.4/../../../../arm-none-eabi/lib/armv6-m/libg_s.a(lib_a-init.o)
 .debug_frame   0x00000680       0x20 /opt/Freescale/KDS_v3/toolchain/bin/../lib/gcc/arm-none-eabi/4.8.4/../../../../arm-none-eabi/lib/armv6-m/libg_s.a(lib_a-memset.o)
 .debug_frame   0x000006a0       0x20 /opt/Freescale/KDS_v3/toolchain/bin/../lib/gcc/arm-none-eabi/4.8.4/../../../../arm-none-eabi/lib/armv6-m/libg_s.a(lib_a-strlen.o)
 .debug_frame   0x000006c0       0x20 /opt/Freescale/KDS_v3/toolchain/bin/../lib/gcc/arm-none-eabi/4.8.4/../../../../arm-none-eabi/lib/armv6-m/libnosys.a(_exit.o)
